VBCSCompilerPreWarmer: pre-warm launched (dotnet PID 3876)
VBCSCompiler prewarm took 12.47 ms
[Licensing::Module] Trying to connect to existing licensing client channel...
[Licensing::IpcConnector] Successfully connected to: "LicenseClient-RAJATH M P" at "2026-09-09T19:13:14.5217317Z"
Built from '6000.6/respin/6000.6.0f1-fa21a270ab12' branch; Version is '6000.6.0f1 (f7f8ed4d1e24) revision 16251117'; Using compiler version '194234433'; Build Type 'Release'
OS: 'Windows 11  (10.0.26200) CoreSingleLanguage' Language: 'en' Physical Memory: 15710 MB
BatchMode: 0, IsHumanControllingUs: 1, StartBugReporterOnCrash: 1, Is64bit: 1
System  architecture: x64
Process architecture: x64
Date: 2026-09-09T19:13:14Z
[Licensing::Client] Code 10 while verifying Licensing Client signature (process Id: 10860, path: "C:/Program Files/Unity Hub/UnityLicensingClient_V1/Unity.Licensing.Client.exe")
[Licensing::Module] LicensingClient has failed validation; ignoring
[Licensing::Client] Handshaking with LicensingClient:
  Version:                 1.18.3+d7ffd15
  Session Id:              1d19d3d7587b4860878a415b4643c135
  Correlation Id:          5c2694c39a3d80f7c76a1967391d0550
  External correlation Id: 729969814797982196
  Machine Id:              ZF4O8NkHIAbU46++7safggeN9hA=
[Licensing::Module] Successfully connected to LicensingClient on channel: "LicenseClient-RAJATH M P" (connect: 0.00s, validation: 0.00s, handshake: 0.12s)
[Licensing::IpcConnector] Successfully connected to: "LicenseClient-RAJATH M P-notifications" at "2026-09-09T19:13:14.6487943Z"
[Licensing::Client] Successfully updated the access token
[Licensing::Module] Successfully updated the access token gSQpYXILLg...
[Licensing::Client] Successfully resolved entitlement details
[Licensing::Module] License group:
  Id: 13469965645955-UnityPersXXXX
  Product: Unity Personal
  Type: Assigned
  Expiration: Unlimited
[Licensing::Client] Successfully updated license, isAsync: True, time: 0.00
[Licensing::Client] Successfully resolved entitlement details
[Licensing::Module] Licensing Background thread has ended after 0.14s

COMMAND LINE ARGUMENTS:
C:\Program Files\Unity\Hub\Editor\6000.6.0f1\Editor\Unity.exe
-projectpath
C:\Users\RAJATH M P\OneDrive\Desktop\heart
-acceptSoftwareTermsForThisRunOnly
-useHub
-hubIPC
-cloudEnvironment
production
-licensingIpc
LicenseClient-RAJATH M P
-hubSessionId
e0455234-e395-448f-8b34-ce0e34e09ea2
-accessToken
gSQpYXILLg-fr4k1coHK9NF03wNUJdZcvDHiPz2X7l000cf
Successfully changed project path to: C:\Users\RAJATH M P\OneDrive\Desktop\heart
C:/Users/RAJATH M P/OneDrive/Desktop/heart
[UnityMemory] Configuration Parameters - Can be set up in boot.config
    "memorysetup-temp-allocator-size-gi-baking-worker=262144"
    "memorysetup-temp-allocator-size-gi-baking-worker=262144"
    "memorysetup-temp-allocator-size-gi-baking-worker=262144"
    "memorysetup-temp-allocator-size-gi-baking-worker=262144"
    "memorysetup-temp-allocator-size-gi-baking-worker=262144"
    "memorysetup-temp-allocator-size-nav-mesh-worker=65536"
    "memorysetup-temp-allocator-size-audio-worker=65536"
    "memorysetup-temp-allocator-size-cloud-worker=32768"
    "memorysetup-temp-allocator-size-gfx=262144"
    "memorysetup-remapper-allocator-initial-capacity=32768"
    "memorysetup-temp-allocator-size-preload-manager=33554432"
    "memorysetup-allocator-temp-initial-block-size-main=262144"
    "memorysetup-allocator-temp-initial-block-size-worker=262144"
    "memorysetup-temp-allocator-size-job-worker=262144"
    "memorysetup-temp-allocator-size-background-worker=32768"
    "memorysetup-bucket-allocator-granularity=16"
    "memorysetup-bucket-allocator-bucket-count=8"
    "memorysetup-bucket-allocator-block-size=33554432"
    "memorysetup-bucket-allocator-block-count=8"
    "memorysetup-main-allocator-block-size=16777216"
    "memorysetup-thread-allocator-block-size=16777216"
    "memorysetup-main-allocator-mimalloc-enabled=1"
    "memorysetup-gfx-main-allocator-block-size=16777216"
    "memorysetup-gfx-thread-allocator-block-size=16777216"
    "memorysetup-cache-allocator-block-size=4194304"
    "memorysetup-typetree-allocator-block-size=2097152"
    "memorysetup-profiler-bucket-allocator-granularity=16"
    "memorysetup-profiler-bucket-allocator-bucket-count=8"
    "memorysetup-profiler-bucket-allocator-block-size=33554432"
    "memorysetup-profiler-bucket-allocator-block-count=8"
    "memorysetup-profiler-allocator-block-size=16777216"
    "memorysetup-profiler-editor-allocator-block-size=1048576"
    "memorysetup-temp-allocator-size-main=16777216"
    "memorysetup-job-temp-allocator-block-size=2097152"
    "memorysetup-job-temp-allocator-block-size-background=1048576"
    "memorysetup-job-temp-allocator-reduction-small-platforms=262144"
Player connection [12656]  Target information:

Player connection [12656]  * "[IP] 192.168.56.1 [Port] 55504 [Flags] 2 [Guid] 2096885928 [EditorId] 2096885928 [Version] 1048832 [Id] WindowsEditor(7,LAPTOP-75VBJCFJ) [Debug] 1 [PackageName] WindowsEditor [ProjectName] Editor" 

Player connection [12656]  * "[IP] 10.14.174.249 [Port] 55504 [Flags] 2 [Guid] 2096885928 [EditorId] 2096885928 [Version] 1048832 [Id] WindowsEditor(7,LAPTOP-75VBJCFJ) [Debug] 1 [PackageName] WindowsEditor [ProjectName] Editor" 

Player connection [12656] Host joined multi-casting on [225.0.0.222:54997]...
Player connection [12656] Host joined alternative multi-casting on [225.0.0.222:34997]...
Input System module state changed to: Initialized.
[Physics::Module] Initialized fallback backend.
[Physics::Module] Id: 0xdecafbad
[Package Manager] Connected to IPC stream "Upm-16960" after 0.4 seconds.
[Licensing::Client] Successfully resolved entitlement details
Library Redirect Path: Library/
Initialising UDS system complete:
  - System type: Client
  - Resource namespace: f726441e8360048c8c620c38920c4764
  - Shared memory size: 1073741824
  - Command buffer id: 1052576
  - Command buffer size: 8192
  - Hashmap size: 4194304
  - Service connected: false
Launching Unity Data Store - C:/Program Files/Unity/Hub/Editor/6000.6.0f1/Editor/Data/Tools/Unity.DataStore.exe 
Unity Data Store artifact dir = Library/DataStore, working dir = C:/Users/RAJATH M P/OneDrive/Desktop/heart[Physics::Module] Selected backend.
[Physics::Module] Name: PhysX
[Physics::Module] Id: 0xf2b8ea05
[Physics::Module] SDK Version: 4.1.2
[Physics::Module] Integration Version: 1.0.0
[Physics::Module] Threading Mode: Multi-Threaded
Unity Data Store running and initialised
Initialize engine version: 6000.6.0f1 (f7f8ed4d1e24)
[EntityIdStore] init: VM path (explicit commit), pageSize=4096, blockCount=1048576, entitiesPerBlock=256, slots reserved=4294967296 bytes
[Subsystems] Discovering subsystems at path C:/Program Files/Unity/Hub/Editor/6000.6.0f1/Editor/Data/Resources/UnitySubsystems
[Subsystems] Discovering subsystems at path C:/Users/RAJATH M P/OneDrive/Desktop/heart/Assets
[D3D12 Device Filter] Vendor Name: NVIDIA
[D3D12 Device Filter] Device Name: NVIDIA GeForce RTX 3050 Laptop GPU
[D3D12 Device Filter] Driver Version: 32.0.15.9282
[D3D12 Device Filter] Feature Level: 12.2
[D3D12 Device Filter] Graphics Memory: 3962 MB
[D3D12 Device Filter] Processor Count: 12
[D3D12 Device Filter] Device Type: Discrete
GfxDevice: creating device client; kGfxThreadingModeSplitJobs
d3d12: failed to query info queue interface (0x80004002).
Direct3D:
    Version:         Direct3D 12 [level 12.2]
    Renderer:        NVIDIA GeForce RTX 3050 Laptop GPU (ID=0x25a2)
    Vendor:          NVIDIA
    VRAM:            3962 MB
    App VRAM Budget: 3367 MB
    Driver:          32.0.15.9282
Initialize mono
Mono path[0] = 'C:/Program Files/Unity/Hub/Editor/6000.6.0f1/Editor/Data/Managed'
Mono path[1] = 'C:/Program Files/Unity/Hub/Editor/6000.6.0f1/Editor/Data/BCLExtensions/runtime/netstandard2.1'
Mono path[2] = 'C:/Program Files/Unity/Hub/Editor/6000.6.0f1/Editor/Data/MonoBleedingEdge/lib/mono/unityjit-win32'
Mono config path = 'C:/Program Files/Unity/Hub/Editor/6000.6.0f1/Editor/Data/MonoBleedingEdge/etc'
Using monoOptions --debugger-agent=transport=dt_socket,embedding=1,server=y,suspend=n,address=127.0.0.1:56960
CodeReloadManager initialized
ImportWorker Server TCP listen port: 0
AcceleratorClientConnectionCallback - disconnected - :0
Begin MonoManager ReloadAssembly
Registering precompiled unity dll's ...
Register platform support module: C:/Program Files/Unity/Hub/Editor/6000.6.0f1/Editor/Data/PlaybackEngines/WebGLSupport/UnityEditor.WebGL.Extensions.dll
Register platform support module: C:/Program Files/Unity/Hub/Editor/6000.6.0f1/Editor/Data/PlaybackEngines/WindowsStandaloneSupport/UnityEditor.WindowsStandalone.Extensions.dll
Registered in 0.002141 seconds.
Native extension for WindowsStandalone target not found
Native extension for WebGL target not found
Package Manager log level set to [2]
ScheduleIndexationOnStartup MainProcess:False IndexOnStartup:True
Scripting: successfully reloaded assembly
- Finished resetting the current domain, in  2.116 seconds
Domain Reload Profiling: 3446ms
	BeginReloadAssembly (165ms)
		CreateAndSetChildDomain (17ms)
	RebuildCommonClasses (6ms)
	RebuildNativeTypeToScriptingClass (132ms)
	initialDomainReloadingComplete (82ms)
	LoadAllAssembliesAndSetupDomain (943ms)
		LoadAssemblies (146ms)
		TypeCache.Refresh (818ms)
			TypeCache.ScanAssembly (583ms)
		AnalyzeDomain (1ms)
	FinalizeReload (2118ms)
		SetupLoadedEditorAssemblies (0ms)
			InitializePlatformSupportModulesInManaged (3ms)
			BeforeProcessingInitializeOnLoad (140ms)
			ProcessInitializeOnLoadAttributes (120ms)
			ProcessInitializeOnLoadMethodAttributes (1062ms)
[Licensing::Client] Successfully resolved entitlement details
Application.AssetDatabase Initial Refresh Start
[Package Manager] Restoring resolved packages state from cache
[Licensing::Client] Successfully resolved entitlement details
[Package Manager] Registered 51 packages:
  Packages from [https://packages.unity.com]:
    com.unity.ide.rider@3.0.38 (location: C:\Users\RAJATH M P\OneDrive\Desktop\heart\Library\PackageCache\com.unity.ide.rider@1f60b3138684)
    com.unity.ide.visualstudio@2.0.26 (location: C:\Users\RAJATH M P\OneDrive\Desktop\heart\Library\PackageCache\com.unity.ide.visualstudio@a99d56dec63f)
    com.unity.xr.arcore@6.6.2 (location: C:\Users\RAJATH M P\OneDrive\Desktop\heart\Library\PackageCache\com.unity.xr.arcore@48fb51f3ca76)
    com.unity.xr.arfoundation@6.6.2 (location: C:\Users\RAJATH M P\OneDrive\Desktop\heart\Library\PackageCache\com.unity.xr.arfoundation@d57b0b4d336a)
    com.unity.inputsystem@1.20.0 (location: C:\Users\RAJATH M P\OneDrive\Desktop\heart\Library\PackageCache\com.unity.inputsystem@7a4e1a2a8194)
    com.unity.xr.core-utils@2.6.0 (location: C:\Users\RAJATH M P\OneDrive\Desktop\heart\Library\PackageCache\com.unity.xr.core-utils@a8b900321199)
    com.unity.xr.management@4.7.0 (location: C:\Users\RAJATH M P\OneDrive\Desktop\heart\Library\PackageCache\com.unity.xr.management@2ad85c7dd480)
    com.unity.xr.legacyinputhelpers@3.0.1 (location: C:\Users\RAJATH M P\OneDrive\Desktop\heart\Library\PackageCache\com.unity.xr.legacyinputhelpers@3f62d634f63b)
  Built-in packages:
    com.unity.modules.accessibility@1.0.0 (location: C:\Users\RAJATH M P\OneDrive\Desktop\heart\Library\PackageCache\com.unity.modules.accessibility)
    com.unity.modules.adaptiveperformance@1.0.0 (location: C:\Users\RAJATH M P\OneDrive\Desktop\heart\Library\PackageCache\com.unity.modules.adaptiveperformance)
    com.unity.modules.ai@1.0.0 (location: C:\Users\RAJATH M P\OneDrive\Desktop\heart\Library\PackageCache\com.unity.modules.ai)
    com.unity.modules.androidjni@1.0.0 (location: C:\Users\RAJATH M P\OneDrive\Desktop\heart\Library\PackageCache\com.unity.modules.androidjni)
    com.unity.modules.animation@1.0.0 (location: C:\Users\RAJATH M P\OneDrive\Desktop\heart\Library\PackageCache\com.unity.modules.animation)
    com.unity.modules.assetbundle@1.0.0 (location: C:\Users\RAJATH M P\OneDrive\Desktop\heart\Library\PackageCache\com.unity.modules.assetbundle)
    com.unity.modules.audio@1.0.0 (location: C:\Users\RAJATH M P\OneDrive\Desktop\heart\Library\PackageCache\com.unity.modules.audio)
    com.unity.modules.cloth@1.0.0 (location: C:\Users\RAJATH M P\OneDrive\Desktop\heart\Library\PackageCache\com.unity.modules.cloth)
    com.unity.modules.director@1.0.0 (location: C:\Users\RAJATH M P\OneDrive\Desktop\heart\Library\PackageCache\com.unity.modules.director)
    com.unity.modules.imageconversion@1.0.0 (location: C:\Users\RAJATH M P\OneDrive\Desktop\heart\Library\PackageCache\com.unity.modules.imageconversion)
    com.unity.modules.imgui@1.0.0 (location: C:\Users\RAJATH M P\OneDrive\Desktop\heart\Library\PackageCache\com.unity.modules.imgui)
    com.unity.modules.jsonserialize@1.0.0 (location: C:\Users\RAJATH M P\OneDrive\Desktop\heart\Library\PackageCache\com.unity.modules.jsonserialize)
    com.unity.modules.particlesystem@1.0.0 (location: C:\Users\RAJATH M P\OneDrive\Desktop\heart\Library\PackageCache\com.unity.modules.particlesystem)
    com.unity.modules.physics@1.0.0 (location: C:\Users\RAJATH M P\OneDrive\Desktop\heart\Library\PackageCache\com.unity.modules.physics)
    com.unity.modules.physics2d@1.0.0 (location: C:\Users\RAJATH M P\OneDrive\Desktop\heart\Library\PackageCache\com.unity.modules.physics2d)
    com.unity.modules.physicscore2d@1.0.0 (location: C:\Users\RAJATH M P\OneDrive\Desktop\heart\Library\PackageCache\com.unity.modules.physicscore2d)
    com.unity.modules.screencapture@1.0.0 (location: C:\Users\RAJATH M P\OneDrive\Desktop\heart\Library\PackageCache\com.unity.modules.screencapture)
    com.unity.modules.terrain@1.0.0 (location: C:\Users\RAJATH M P\OneDrive\Desktop\heart\Library\PackageCache\com.unity.modules.terrain)
    com.unity.modules.terrainphysics@1.0.0 (location: C:\Users\RAJATH M P\OneDrive\Desktop\heart\Library\PackageCache\com.unity.modules.terrainphysics)
    com.unity.modules.tetgen@1.0.0 (location: C:\Users\RAJATH M P\OneDrive\Desktop\heart\Library\PackageCache\com.unity.modules.tetgen)
    com.unity.modules.tilemap@1.0.0 (location: C:\Users\RAJATH M P\OneDrive\Desktop\heart\Library\PackageCache\com.unity.modules.tilemap)
    com.unity.modules.timelinefoundation@1.0.0 (location: C:\Users\RAJATH M P\OneDrive\Desktop\heart\Library\PackageCache\com.unity.modules.timelinefoundation)
    com.unity.modules.ui@1.0.0 (location: C:\Users\RAJATH M P\OneDrive\Desktop\heart\Library\PackageCache\com.unity.modules.ui)
    com.unity.modules.uielements@1.0.0 (location: C:\Users\RAJATH M P\OneDrive\Desktop\heart\Library\PackageCache\com.unity.modules.uielements)
    com.unity.modules.umbra@1.0.0 (location: C:\Users\RAJATH M P\OneDrive\Desktop\heart\Library\PackageCache\com.unity.modules.umbra)
    com.unity.modules.unityanalytics@1.0.0 (location: C:\Users\RAJATH M P\OneDrive\Desktop\heart\Library\PackageCache\com.unity.modules.unityanalytics)
    com.unity.modules.unitywebrequest@1.0.0 (location: C:\Users\RAJATH M P\OneDrive\Desktop\heart\Library\PackageCache\com.unity.modules.unitywebrequest)
    com.unity.modules.unitywebrequestassetbundle@1.0.0 (location: C:\Users\RAJATH M P\OneDrive\Desktop\heart\Library\PackageCache\com.unity.modules.unitywebrequestassetbundle)
    com.unity.modules.unitywebrequestaudio@1.0.0 (location: C:\Users\RAJATH M P\OneDrive\Desktop\heart\Library\PackageCache\com.unity.modules.unitywebrequestaudio)
    com.unity.modules.unitywebrequesttexture@1.0.0 (location: C:\Users\RAJATH M P\OneDrive\Desktop\heart\Library\PackageCache\com.unity.modules.unitywebrequesttexture)
    com.unity.modules.unitywebrequestwww@1.0.0 (location: C:\Users\RAJATH M P\OneDrive\Desktop\heart\Library\PackageCache\com.unity.modules.unitywebrequestwww)
    com.unity.modules.vectorgraphics@1.0.0 (location: C:\Users\RAJATH M P\OneDrive\Desktop\heart\Library\PackageCache\com.unity.modules.vectorgraphics)
    com.unity.modules.vehicles@1.0.0 (location: C:\Users\RAJATH M P\OneDrive\Desktop\heart\Library\PackageCache\com.unity.modules.vehicles)
    com.unity.modules.video@1.0.0 (location: C:\Users\RAJATH M P\OneDrive\Desktop\heart\Library\PackageCache\com.unity.modules.video)
    com.unity.modules.wind@1.0.0 (location: C:\Users\RAJATH M P\OneDrive\Desktop\heart\Library\PackageCache\com.unity.modules.wind)
    com.unity.modules.xr@1.0.0 (location: C:\Users\RAJATH M P\OneDrive\Desktop\heart\Library\PackageCache\com.unity.modules.xr)
    com.unity.modules.subsystems@1.0.0 (location: C:\Users\RAJATH M P\OneDrive\Desktop\heart\Library\PackageCache\com.unity.modules.subsystems)
    com.unity.modules.hierarchycore@1.0.0 (location: C:\Users\RAJATH M P\OneDrive\Desktop\heart\Library\PackageCache\com.unity.modules.hierarchycore)
    com.unity.ugui@2.6.0 (location: C:\Users\RAJATH M P\OneDrive\Desktop\heart\Library\PackageCache\com.unity.ugui@23caec89ae27)
    com.unity.mathematics@1.4.0 (location: C:\Users\RAJATH M P\OneDrive\Desktop\heart\Library\PackageCache\com.unity.mathematics@8306a64d0cd6)
    com.unity.editorcoroutines@6.6.0 (location: C:\Users\RAJATH M P\OneDrive\Desktop\heart\Library\PackageCache\com.unity.editorcoroutines@8cd72baa102a)
    com.unity.test-framework@1.8.0 (location: C:\Users\RAJATH M P\OneDrive\Desktop\heart\Library\PackageCache\com.unity.test-framework@7a3849e09bd0)
    com.unity.ext.nunit@2.1.0 (location: C:\Users\RAJATH M P\OneDrive\Desktop\heart\Library\PackageCache\com.unity.ext.nunit@0198eae3b53e)
[Subsystems] Looking for new subsystems at path C:\Users\RAJATH M P\OneDrive\Desktop\heart\Library\PackageCache\com.unity.xr.arfoundation@d57b0b4d336a
[Subsystems] Novel subsystem found at Library/PackageCache/com.unity.xr.arfoundation@d57b0b4d336a/Runtime/UnitySubsystemsManifest.json
[Subsystems] Discovering subsystems at path C:/Program Files/Unity/Hub/Editor/6000.6.0f1/Editor/Data/Resources/UnitySubsystems
[Subsystems] Discovering subsystems at path C:/Users/RAJATH M P/OneDrive/Desktop/heart/Assets
[Subsystems] Discovering subsystems at path C:\Users\RAJATH M P\OneDrive\Desktop\heart\Library\PackageCache\com.unity.xr.arfoundation@d57b0b4d336a
[Subsystems] No descriptors matched for  examples in Library/PackageCache/com.unity.xr.arfoundation@d57b0b4d336a/Runtime/UnitySubsystemsManifest.json.
[Subsystems] 1 'inputs' descriptors matched in Library/PackageCache/com.unity.xr.arfoundation@d57b0b4d336a/Runtime/UnitySubsystemsManifest.json
[Subsystems] No descriptors matched for  displays in Library/PackageCache/com.unity.xr.arfoundation@d57b0b4d336a/Runtime/UnitySubsystemsManifest.json.
[Subsystems] 1 'meshings' descriptors matched in Library/PackageCache/com.unity.xr.arfoundation@d57b0b4d336a/Runtime/UnitySubsystemsManifest.json
[Package Manager] Done registering packages in 0.03 seconds
Starting: C:\Program Files\Unity\Hub\Editor\6000.6.0f1\Editor\Data\Tools\BuildPipeline\bee_backend.exe --ipc --defer-dag-verification --dagfile="Library/Bee/2000b0aE.dag" --continue-on-failure --profile="Library/Bee/backend1.traceevents" ScriptAssemblies
WorkingDir: C:/Users/RAJATH M P/OneDrive/Desktop/heart
ExitCode: 0 Duration: 0s551ms
[473/585    0s] ILPP-Configuration Library/ilpp-configuration.nevergeneratedoutput
*** Tundra build success (0.47 seconds), 1 items updated, 585 evaluated
AssetDatabase: script compilation time: 1.631710s
Begin MonoManager ReloadAssembly
Total cache size 63877264
Total cache size after purge 63877264, took 00:00:00.1360707
Refreshing native plugins compatible for Editor in 4.87 ms, found 1 plugins.
Native extension for WindowsStandalone target not found
Native extension for WebGL target not found
ScheduleIndexationOnStartup MainProcess:True IndexOnStartup:True
Scripting: successfully reloaded assembly
- Finished resetting the current domain, in  0.854 seconds
Domain Reload Profiling: 1654ms
	BeginReloadAssembly (300ms)
		DisableScriptedObjects (42ms)
		CreateAndSetChildDomain (62ms)
	RebuildCommonClasses (11ms)
	RebuildNativeTypeToScriptingClass (18ms)
	initialDomainReloadingComplete (57ms)
	LoadAllAssembliesAndSetupDomain (412ms)
		LoadAssemblies (305ms)
		TypeCache.Refresh (60ms)
			TypeCache.ScanAssembly (51ms)
		AnalyzeDomain (29ms)
			BuildScriptInfoCaches (24ms)
			ResolveRequiredComponents (3ms)
	FinalizeReload (856ms)
		SetupLoadedEditorAssemblies (0ms)
			LogAssemblyErrors (3ms)
			InitializePlatformSupportModulesInManaged (3ms)
			BeforeProcessingInitializeOnLoad (150ms)
			ProcessInitializeOnLoadAttributes (293ms)
			ProcessInitializeOnLoadMethodAttributes (73ms)
			AfterProcessingInitializeOnLoad (8ms)
		AwakeInstancesAfterBackupRestoration (42ms)
Starting new worker id: 0 with log in C:/Users/RAJATH M P/OneDrive/Desktop/heart/Logs/AssetImportWorkerHW0.log

Asset Pipeline Refresh (id=30b777508e4816c4290e401fdd45bbdc): Total: 3.904 seconds - Initiated by InitialRefreshV2(ForceSynchronousImport)
	(Values over 0.05ms)
	Summary:
		Imports: total=0 (actual=0, local cache=0, cache server=0)
		Asset DB Process Time: managed=0 ms, native=1276 ms
		Asset DB Callback time: managed=44 ms, native=54 ms
		Scripting: domain reloads=1, domain reload time=852 ms, compile time=1636 ms, other=39 ms
		Project Asset Count: scripts=600, non-scripts=408
		Asset File Changes: new=0, changed=0, moved=0, deleted=0
		Scan Filter Count: 0
	InvokePackagesCallback: 56.911ms
	ApplyChangesToAssetFolders: 0.995ms
	Scan: 101.930ms
	Collect global state as custom dependencies: 11.185ms
	CategorizeScriptCompilationAssets: 64.279ms
	ProcessAssetsWithTransientArtifactChanges: 44.252ms
	CategorizeAssets: 18.372ms
	CompileScripts: 1636.267ms
	ImportOutOfDateAssets: 883.751ms (866.114ms without children)
		UnloadImportedAssets: 0.109ms
		EnsureUptoDateAssetsAreRegisteredWithGuidPM: 0.289ms
		ImportSchedulerStart: 17.233ms
	PostProcessAllAssets: 45.117ms
		MonoPostProcessAllAssets: 44.895ms
			WindowAssetPostprocessingWatcher.OnPostprocessAllAssets 12.658ms
			SyncVS.PostprocessSyncProject 6.875ms
			EditModeScopePostprocessor.OnPostprocessAllAssets 1.676ms
			SpeedTree9Postprocessor.OnPostprocessAllAssets 1.625ms
			ReferencedClipsPostProcessor.OnPostprocessAllAssets 0.561ms
			InputActionAssetPostprocessor.OnPostprocessAllAssets 0.410ms
			TerrainToolbarOverlayPostProcessor.OnPostprocessAllAssets 0.361ms
			ProjectSettingsPostprocessor.OnPostprocessAllAssets 0.346ms
			AssetDatabaseCallbacks.OnPostprocessAllAssets 0.305ms
			RenderPipelineGlobalSettingsPostprocessor.OnPostprocessAllAssets 0.157ms
	UnloadStreamsBegin: 2.381ms
	GenerateScriptTypeHashes: 3.383ms
	GenerateScriptTypeSerializationHashes: 6.950ms
	Untracked: 1012.643ms

Application.AssetDatabase Initial Refresh End
Launched and connected shader compiler UnityShaderCompiler.exe after 0.02 seconds
Scanning for USB devices : 3.095ms
Initializing Unity extensions:
[MODES] ModeService[none].Initialize
[MODES] ModeService[none].LoadModes
[MODES] Loading mode Default (0) for mode-current-id-heart
Unloading 11 Unused Serialized files (Serialized files now loaded: 0)
Unloading 2193 unused Assets / (2.8 MB). Loaded Objects now: 2938.
Memory consumption went from 277.7 MB to 274.8 MB.
Total: 14.517800 ms (FindLiveObjects: 0.448300 ms CreateObjectMapping: 0.142500 ms MarkObjects: 10.814800 ms  DeleteObjects: 2.893000 ms)

[LAYOUT] About to load UserSettings\Layouts\default-6000.dwlt, keepMainWindow=False
[LAYOUT] About to save layout C:\Users\RAJATH M P\OneDrive\Desktop\heart\UserSettings\Layouts\default-6000.dwlt
[LAYOUT] About to save layout C:/Users/RAJATH M P/AppData/Roaming/Unity/Editor-5.x/Preferences\Layouts\current\default-6000.dwlt
[MODES] ModeService[default].InitializeCurrentMode
[MODES] ModeService[default].RaiseModeChanged(default, default)
This project uses Input Manager, which is marked for deprecation. To manage input in your project, use the <a href="https://docs.unity3d.com/Packages/com.unity.inputsystem@latest">Input System package</a> instead.
<RI> Initializing input.
Using Windows.Gaming.Input
XInput1_3.dll not found. Trying XInput9_1_0.dll instead...
<RI> Input initialized.
[Project] Loading completed in 14.574 seconds
	Project init time: 				12.610 seconds
		Template init time: 		0.000 seconds
		Package Manager init time: 		0.413 seconds
		Asset Database init time: 		1.447 seconds
		Global illumination init time: 	0.004 seconds
		Assemblies load time: 			3.558 seconds
		Unity extensions init time: 	0.008 seconds
		Asset Database refresh time: 	3.905 seconds
	Scene opening time: 			1.668 seconds
##utp:{"type":"ProjectInfo","version":2,"phase":"Immediate","time":1788981209072,"processId":16960,"projectLoad":14.5743168,"projectInit":12.6095127,"templateInit":0.0,"packageManagerInit":0.4127785,"assetDatabaseInit":1.4472485,"globalIlluminationInit":0.0036056,"assembliesLoad":3.5582564,"unityExtensionsInit":0.0075414,"assetDatabaseRefresh":3.9047354,"sceneOpening":1.6677018}
##utp:{"type":"EditorInfo","version":2,"phase":"Immediate","time":1788981209072,"processId":16960,"editorVersion":"6000.6.0f1 (f7f8ed4d1e24)","branch":"6000.6/respin/6000.6.0f1-fa21a270ab12","buildType":"Release","platform":"Windows"}
Asset Pipeline Refresh (id=1e3dc08f88d6c164f8abd947a3f08f83): Total: 0.064 seconds - Initiated by RefreshV2(AllowForceSynchronousImport)
Worker ready: AssetImportWorkerHW0 0
Start Indexing on Editor startup
[Indexing] Starting Initial Indexing for Assets
Created GICache directory at C:/Users/RAJATH M P/AppData/LocalLow/Unity/Caches/GiCache. Took: 0.025s, timestamps: [15.910 - 15.935]
[Licensing::Client] Successfully resolved entitlement details
[Licensing::Client] Successfully resolved entitlement details
[Licensing::Client] Successfully resolved entitlement details
[Licensing::Client] Successfully updated the access token
[Licensing::Module] Successfully updated access token: "gSQpYXIL"... (expires: 2026-09-09T19:28:30Z)
[Licensing::Client] Successfully resolved entitlement details
[Licensing::Client] Successfully resolved entitlement details
Asset Pipeline Refresh (id=d8fd0564a7a82cc46ab78563ec269044): Total: 0.006 seconds - Initiated by RefreshV2(AllowForceSynchronousImport)
TrimDiskCacheJob: Current cache size 0mb
Asset Pipeline Refresh (id=22bba4b28f4d9a74683ad29dba45b8ea): Total: 0.005 seconds - Initiated by RefreshV2(AllowForceSynchronousImport)
Asset Pipeline Refresh (id=151eae3f829dffa4183c19ca4cf4bca6): Total: 0.005 seconds - Initiated by RefreshV2(AllowForceSynchronousImport)
Asset Pipeline Refresh (id=a3d12d46f895a594bbe91edf130dfdcc): Total: 0.006 seconds - Initiated by RefreshV2(AllowForceSynchronousImport)
Asset Pipeline Refresh (id=c84c5c5b9b033d74d9a591955a0c07b6): Total: 0.005 seconds - Initiated by RefreshV2(AllowForceSynchronousImport)
Asset Pipeline Refresh (id=2e8fb9825b7f6e144961c8b6b001ff8f): Total: 0.004 seconds - Initiated by RefreshV2(AllowForceSynchronousImport)
Asset Pipeline Refresh (id=37c7b164201234946b9777dd7280ab8d): Total: 0.005 seconds - Initiated by RefreshV2(AllowForceSynchronousImport)
Asset Pipeline Refresh (id=e3571019e6e884846910d8272d98af27): Total: 0.006 seconds - Initiated by RefreshV2(AllowForceSynchronousImport)
Asset Pipeline Refresh (id=6403cd916d6a9194c8336626fd9ce917): Total: 0.007 seconds - Initiated by RefreshV2(AllowForceSynchronousImport)
Asset Pipeline Refresh (id=22a85ab7eefd81442ae16953f2d5dc44): Total: 0.005 seconds - Initiated by RefreshV2(AllowForceSynchronousImport)
Asset Pipeline Refresh (id=916793111b9a5684ca6fa10075da11dc): Total: 0.005 seconds - Initiated by RefreshV2(AllowForceSynchronousImport)
Asset Pipeline Refresh (id=958ccd69797383748a4db619b34ffb56): Total: 0.005 seconds - Initiated by RefreshV2(AllowForceSynchronousImport)
Asset Pipeline Refresh (id=1da278ba1da2e0442adf081f7faf2ea9): Total: 0.006 seconds - Initiated by RefreshV2(AllowForceSynchronousImport)
Asset Pipeline Refresh (id=6bff84566c5dbd04d99167014d5fdc89): Total: 0.004 seconds - Initiated by RefreshV2(AllowForceSynchronousImport)
Importing 'GUID: d72f5e6c504dfb14ebc70beb5b252961 - Path: Assets/XR/XRGeneralSettingsPerBuildTarget.asset' with importer (NativeFormatImporter)
Imported 'GUID: d72f5e6c504dfb14ebc70beb5b252961' -> (Import Result ID: '0d495b64e8fa5dca219bc28c23ae86a9') in 0.007 seconds [static dependencies only]. Details - ImportResultOutputID=6842c6693d397f96b228ddb4eceac528 DependenciesID=20de98697a1d9f53f5d09b587b6626da StaticDependenciesID=887a6ba5f5fd7378a4981e342adec592 
Asset Pipeline Refresh (id=92032ae9f03d87e4f9735eb42ce5589e): Total: 0.096 seconds - Initiated by StopAssetImportingV2(NoUpdateAssetOptions)
Importing 'GUID: c33765148919746ecbe8e10cceb19107 - Path: Packages/com.unity.xr.arcore/Tests/Editor/Assets/TestReferenceImageLibrary.asset' with importer (NativeFormatImporter)
Imported 'GUID: c33765148919746ecbe8e10cceb19107' -> (Import Result ID: '520b7fbe758eb0816be6f010ecbc4c6a') in 0.011 seconds [static dependencies only]. Details - ImportResultOutputID=4498d377cc3fa1eadbdb4f994da9fd7b DependenciesID=d3270d90966a7aa63fb810d029b46c6a StaticDependenciesID=4768f92cbed45ad9c3335f504b2d34b0 
Asset Pipeline Refresh (id=545361fa6c56efd4db37c0c7a4671a77): Total: 0.027 seconds - Initiated by StopAssetImportingV2(NoUpdateAssetOptions)
Importing 'GUID: 0d2ec90a93d9f1c42acc1e2ce238144d - Path: Assets/XR/Temp' with importer (DefaultImporter)
Imported 'GUID: 0d2ec90a93d9f1c42acc1e2ce238144d' -> (Import Result ID: '6391d9a9d86ce55426718656ff9a4693') in 0.012 seconds [static dependencies only]. Details - ImportResultOutputID=a6ed546c4355ca99c09e62dd274e35ab DependenciesID=82f675497dc6ebf21615bf6f46707eef StaticDependenciesID=9f02c39e3be6f7e5c035e772ca9482d3 
Asset Pipeline Refresh (id=c7e65c17424015040984e8df7218ddf5): Total: 0.030 seconds - Initiated by StopAssetImportingV2(NoUpdateAssetOptions)
Asset Pipeline Refresh (id=c84149fff555b8a4a83019115df3e005): Total: 0.025 seconds - Initiated by StopAssetImportingV2(NoUpdateAssetOptions)
Asset Pipeline Refresh (id=40cacf53bd926db499137cc95dd6f48b): Total: 0.022 seconds - Initiated by StopAssetImportingV2(NoUpdateAssetOptions)
Asset Pipeline Refresh (id=d538f76e22065e24fa642c25e5478a70): Total: 0.017 seconds - Initiated by RefreshV2(NoUpdateAssetOptions)
Refreshing native plugins compatible for Editor in 2.80 ms, found 1 plugins.
Asset Pipeline Refresh (id=bc15d957561d1fd4286c3503ce754349): Total: 0.018 seconds - Initiated by StopAssetImportingV2(NoUpdateAssetOptions)
Asset Pipeline Refresh (id=dba7c006b8944704e8979fd3fff1e683): Total: 0.016 seconds - Initiated by StopAssetImportingV2(NoUpdateAssetOptions)
Asset Pipeline Refresh (id=dcefd57defccf8d489e646ffc3569f0e): Total: 0.016 seconds - Initiated by StopAssetImportingV2(NoUpdateAssetOptions)
Asset Pipeline Refresh (id=3fb3339bf25ce5741976baf6b9673c3c): Total: 0.015 seconds - Initiated by RefreshV2(NoUpdateAssetOptions)
AcceleratorClientConnectionCallback - disconnected - :0
Importing 'GUID: 00000000000000004000000000000000 - Path: ProjectSettings/ProjectSettings.asset' with importer (LibraryAssetImporter)
Imported 'GUID: 00000000000000004000000000000000' -> (Import Result ID: 'e6f5aef96749e3084d69ecb445a5820f') in 0.001 seconds [static dependencies only]. Details - ImportResultOutputID=054c890a8f4b6dddbea933bc5e4b7df4 DependenciesID=3092c4103b474a8bea9287ec63348a43 StaticDependenciesID=f36051e8782ea5dff1e1a0b8d75cee9e 
Importing 'GUID: 0000000000000000b000000000000000 - Path: ProjectSettings/EditorBuildSettings.asset' with importer (LibraryAssetImporter)
Imported 'GUID: 0000000000000000b000000000000000' -> (Import Result ID: '20ea76af598d372a816cbe2ca9cef092') in 0.001 seconds [static dependencies only]. Details - ImportResultOutputID=0a89a5c5f492143e0fa186859e17ba6f DependenciesID=6514571501d284c03d480c5f7c94bc4e StaticDependenciesID=376c9101d88cc982244e1e1dd3773791 
Asset Pipeline Refresh (id=249955b9390e0c34da69a2ed3f7fe779): Total: 0.016 seconds - Initiated by StopAssetImportingV2(NoUpdateAssetOptions)
DisplayProgressNotification: Build Failed
Build was canceled.
Unloading 0 Unused Serialized files (Serialized files now loaded: 0)
Unloading 68 unused Assets / (16.9 MB). Loaded Objects now: 4071.
Memory consumption went from 488.9 MB to 472.0 MB.
Total: 19.788900 ms (FindLiveObjects: 0.355500 ms CreateObjectMapping: 0.044300 ms MarkObjects: 15.468000 ms  DeleteObjects: 3.778900 ms)

Build Finished, Result: Failure.
##utp:{"success":false,"type":"PlayerBuildInfo","version":2,"phase":"Immediate","time":1788981795252,"processId":16960,"steps":[{"description":"Call PrepareForBuild callbacks","duration":1},{"description":"Call internal build started callbacks","duration":1},{"description":"Preprocess Player","duration":394},{"description":"Save scenes before build","duration":29264},{"description":"Call Post-Process callbacks","duration":0}],"duration":29660}
Build completed with a result of 'Failed' in 30 seconds (29783 ms) [10-09-2026 00:52:45 -> 10-09-2026 00:53:15, 29s]
Build was canceled.
UnityEngine.Debug:ExtractStackTraceNoAlloc (byte*,int,string)
UnityEngine.StackTraceUtility:ExtractStackTrace ()
UnityEngine.DebugLogHandler:Internal_Log (UnityEngine.LogType,UnityEngine.LogOption,string,UnityEngine.Object)
UnityEngine.DebugLogHandler:LogFormat (UnityEngine.LogType,UnityEngine.Object,string,object[])
UnityEngine.Logger:Log (UnityEngine.LogType,object)
UnityEngine.Debug:LogError (object)
UnityEditor.BuildPlayerWindow/DefaultBuildMethods:BuildPlayer (UnityEditor.BuildPlayerOptions)
UnityEditor.BuildPlayerWindow:CallBuildMethods (bool,UnityEditor.BuildOptions)
UnityEditor.Build.Profile.BuildProfileModuleUtil:CallInternalBuildMethods (bool,UnityEditor.BuildOptions)
UnityEditor.Build.Profile.BuildProfileWindow/<>c__DisplayClass55_0:<OnBuildButtonClicked>b__0 ()
UnityEditor.EditorApplication:Internal_CallDelayFunctions ()

Starting new worker id: 1 with log in C:/Users/RAJATH M P/OneDrive/Desktop/heart/Logs/AssetImportWorkerHW1.log
[Worker0] Imported GUID: d72f5e6c504dfb14ebc70beb5b252961 - Path: Assets/XR/XRGeneralSettingsPerBuildTarget.asset - Importer: ScriptedImporter/UnityEditor.QuickSearchModule:UnityEditor.Search:ASIAI0B -> (ImportResultId: 'aaa99147983feb4d7afcacd97214207e') in 0.1292003 seconds
Worker ready: AssetImportWorkerHW1 1
Asset Pipeline Refresh (id=28880bb81bfe0534d892595eb859ecc5): Total: 0.015 seconds - Initiated by RefreshV2(AllowForceSynchronousImport)
[Licensing::Client] Successfully resolved entitlement details
[Licensing::Client] Successfully updated the access token
[Licensing::Module] Successfully updated access token: "EksdjmeU"... (expires: 2026-09-09T21:28:30Z)
[Licensing::Client] Successfully resolved entitlement details
[Licensing::Client] Successfully resolved entitlement details
Asset Pipeline Refresh (id=c044ca1ab94ad274f94795c51898940f): Total: 0.012 seconds - Initiated by RefreshV2(AllowForceSynchronousImport)
MonoPathRemapper: Attempts to remap: 15092; Successful remaps: 7048
Serialized file version minimum: 23, current 23
[LAYOUT] About to save layout C:\Users\RAJATH M P\OneDrive\Desktop\heart\UserSettings\Layouts\default-6000.dwlt
[LAYOUT] About to save layout C:/Users/RAJATH M P/AppData/Roaming/Unity/Editor-5.x/Preferences\Layouts\current\default-6000.dwlt
Input System module state changed to: ShutdownInProgress.
Input Polling Thread exited.
Input System module state changed to: Shutdown.
[Physics::Module] Cleanup current backend.
[Physics::Module] Id: 0xf2b8ea05
[Licensing::IpcConnector] LicenseClient-RAJATH M P-notifications channel disconnected successfully.
[Licensing::IpcConnector] LicenseClient-RAJATH M P channel disconnected successfully.
Lingering sessions upon destruction of worker manager
Unity Data Store service was successfully shut down
UDS shutting down local client system
Shut down UDS service system complete
AcceleratorClientConnectionCallback - disconnected - :0
Cleanup mono
CodeReloadManager destroyed
abort_threads: Failed aborting id: 0000000000007600, mono_thread_manage will ignore it

abort_threads: Failed aborting id: 0000000000006C28, mono_thread_manage will ignore it

abort_threads: Failed aborting id: 0000000000007600, mono_thread_manage will ignore it

abort_threads: Failed aborting id: 0000000000006C28, mono_thread_manage will ignore it

debugger-agent: Unable to listen on 4808
Checking for leaked weakptr:
  Found no leaked weakptrs.
[Package Manager] Server process was shutdown
##utp:{"type":"MemoryLeaks","version":2,"phase":"Immediate","time":1788984312695,"processId":16960,"allocatedMemory":12272316,"memoryLabels":[{"Default":189001},{"Permanent":15516},{"NewDelete":68989},{"Thread":4205600},{"Manager":32488},{"VertexData":8},{"Geometry":816},{"Texture":24},{"Shader":855238},{"Material":24},{"GfxDevice":83880},{"Animation":952},{"Audio":984},{"FreeType":8},{"FontEngine":736},{"Physics":1970},{"Physics2D":16},{"Serialization":100296},{"Input":45280},{"JobScheduler":256},{"TextLib":42328},{"Mono":48},{"ScriptingNativeRuntime":1450032},{"BaseObject":49648},{"Resource":1208},{"Renderer":2376},{"Transform":4685},{"File":25275},{"WebCam":616},{"Culling":32},{"Terrain":11442},{"Wind":24},{"STL":40},{"String":448379},{"StaticString":3808},{"Utility":2674426},{"Curl":48},{"PoolAlloc":2168},{"AI":80},{"TypeTree":17165},{"ScriptManager":12640},{"CodeReload":448},{"RuntimeInitializeOnLoadManager":64},{"Sprites":102},{"SpriteAtlas":120},{"GI":7816},{"Director":8296},{"CloudService":8016},{"WebRequest":6076},{"VR":49794},{"SceneManager":608},{"Video":208},{"LazyScriptCache":32},{"NativeArray":540},{"Camera":729},{"Secure":265},{"SerializationCache":9256},{"APIUpdating":10320},{"Subsystems":192},{"VirtualTexturing":57888},{"StaticSafetyDebugInfo":278528},{"Analytics":768},{"Hierarchy":1188},{"UIElements":40},{"CoreStats":14456},{"Identifiers":7152},{"Gui":268},{"EditorUtility":121159},{"VersionControl":8},{"Undo":931},{"AssetDatabase":1272132},{"AssetImporter":40},{"EditorGi":328},{"UnityConnect":36882},{"Upm":1988},{"UpmDiagnostics":8},{"AssetCompliance":96},{"DrivenProperties":72},{"LocalIPC":270},{"ProfilerEditor":9746},{"CoreBusinessMetrics":3606},{"Windowing":456},{"Licensing":12810},{"AssetReference":32},{"IPCStream":32}]}
